2026-05-02T20:02:54.897Z: 

==================================================
2026-05-02T20:02:54.899Z: 🔴🔴🔴 PDF ENDPOINT HIT! Inquiry ID: 69f5d9b29628ebdf8d8ed0a1
2026-05-02T20:02:54.900Z: ==================================================
2026-05-02T20:04:14.680Z: 

==================================================
2026-05-02T20:04:14.682Z: 🔴🔴🔴 PDF ENDPOINT HIT! Inquiry ID: 69f5d9b29628ebdf8d8ed0a1
2026-05-02T20:04:14.682Z: ==================================================
2026-05-02T20:04:15.601Z: 🏢 HOSPITAL: SUNSHINE, COUNTRY: India
2026-05-02T20:04:15.643Z: 💰 TOTAL CALC: Amount=19000 + CGST=0 + SGST=0 + IGST=950 = 19950
2026-05-02T20:04:15.646Z: 🔵 RENDERING ALL 3 TAXES - CGST: 0, SGST: 0, IGST: 950
2026-05-02T20:06:21.735Z: 

==================================================
2026-05-02T20:06:21.737Z: 🔴🔴🔴 PDF ENDPOINT HIT! Inquiry ID: 69f5d9b29628ebdf8d8ed0a1
2026-05-02T20:06:21.738Z: ==================================================
2026-05-02T20:06:22.816Z: 🏢 HOSPITAL: SUNSHINE, COUNTRY: India
2026-05-02T20:06:22.857Z: 💰 TOTAL CALC: Amount=19000 + CGST=0 + SGST=0 + IGST=950 = 19950
2026-05-02T20:06:22.859Z: 🟣 RENDERING IGST - Amount: 950
2026-05-02T20:06:48.205Z: 

==================================================
2026-05-02T20:06:48.205Z: 🔴🔴🔴 PDF ENDPOINT HIT! Inquiry ID: 69f5d9849628ebdf8d8ed01b
2026-05-02T20:06:48.206Z: ==================================================
2026-05-02T20:06:49.034Z: 🏢 HOSPITAL: ASHWINI, COUNTRY: India
2026-05-02T20:06:49.085Z: 💰 TOTAL CALC: Amount=38043.399999999994 + CGST=0 + SGST=0 + IGST=1902.17 = 39945.56999999999
2026-05-02T20:06:49.088Z: 🟣 RENDERING IGST - Amount: 1902.17
2026-05-02T20:08:11.283Z: 

==================================================
2026-05-02T20:08:11.284Z: 🔴🔴🔴 PDF ENDPOINT HIT! Inquiry ID: 69f5d9849628ebdf8d8ed01b
2026-05-02T20:08:11.285Z: ==================================================
2026-05-02T20:08:12.178Z: 🏢 HOSPITAL: ASHWINI, COUNTRY: India
2026-05-02T20:08:12.227Z: 💰 TOTAL CALC: Amount=38043.399999999994 + CGST=0 + SGST=0 + IGST=1902.17 = 39945.56999999999
2026-05-02T20:08:12.230Z: 🟣 RENDERING IGST - Amount: 1902.17
2026-05-02T20:10:49.469Z: 

==================================================
2026-05-02T20:10:49.470Z: 🔴🔴🔴 PDF ENDPOINT HIT! Inquiry ID: 69f5d9b29628ebdf8d8ed0a1
2026-05-02T20:10:49.471Z: ==================================================
2026-05-02T20:10:50.387Z: 🏢 HOSPITAL: SUNSHINE, COUNTRY: India
2026-05-02T20:10:50.438Z: 💰 TOTAL CALC: Amount=19000 + CGST=0 + SGST=0 + IGST=950 = 19950
2026-05-02T20:10:50.439Z: 🟣 RENDERING IGST - Amount: 950
2026-05-02T20:10:57.403Z: 

==================================================
2026-05-02T20:10:57.404Z: 🔴🔴🔴 PDF ENDPOINT HIT! Inquiry ID: 69f5d9849628ebdf8d8ed01b
2026-05-02T20:10:57.404Z: ==================================================
2026-05-02T20:10:58.607Z: 🏢 HOSPITAL: ASHWINI, COUNTRY: India
2026-05-02T20:10:58.648Z: 💰 TOTAL CALC: Amount=38043.399999999994 + CGST=0 + SGST=0 + IGST=1902.17 = 39945.56999999999
2026-05-02T20:10:58.652Z: 🟣 RENDERING IGST - Amount: 1902.17
2026-05-03T13:35:11.435Z: 

==================================================
2026-05-03T13:35:11.436Z: 🔴🔴🔴 PDF ENDPOINT HIT! Inquiry ID: 69f5d9b29628ebdf8d8ed0a1
2026-05-03T13:35:11.437Z: ==================================================
2026-05-03T13:35:12.585Z: 🏢 HOSPITAL: SUNSHINE, COUNTRY: India
2026-05-03T13:35:12.636Z: 💰 TOTAL CALC: Amount=19000 + CGST=0 + SGST=0 + IGST=950 = 19950
2026-05-03T13:35:12.637Z: 🟣 RENDERING IGST - Amount: 950
2026-05-03T13:35:20.244Z: 

==================================================
2026-05-03T13:35:20.245Z: 🔴🔴🔴 PDF ENDPOINT HIT! Inquiry ID: 69f5d9b29628ebdf8d8ed0a1
2026-05-03T13:35:20.246Z: ==================================================
2026-05-03T13:35:20.806Z: 🏢 HOSPITAL: SUNSHINE, COUNTRY: India
2026-05-03T13:35:20.840Z: 💰 TOTAL CALC: Amount=19000 + CGST=0 + SGST=0 + IGST=950 = 19950
2026-05-03T13:35:20.842Z: 🟣 RENDERING IGST - Amount: 950
2026-05-03T13:35:24.669Z: 

==================================================
2026-05-03T13:35:24.670Z: 🔴🔴🔴 PDF ENDPOINT HIT! Inquiry ID: 69f5d9849628ebdf8d8ed01b
2026-05-03T13:35:24.670Z: ==================================================
2026-05-03T13:35:25.268Z: 🏢 HOSPITAL: ASHWINI, COUNTRY: India
2026-05-03T13:35:25.307Z: 💰 TOTAL CALC: Amount=38043.399999999994 + CGST=951.09 + SGST=951.09 + IGST=0 = 39945.57999999999
2026-05-03T13:35:25.309Z: 🟢 RENDERING CGST & SGST - CGST: 951.09, SGST: 951.09
2026-05-03T14:10:43.547Z: 

==================================================
2026-05-03T14:10:43.550Z: 🔴🔴🔴 PDF ENDPOINT HIT! Inquiry ID: 69f757018cdce291eab21c31
2026-05-03T14:10:43.550Z: ==================================================
2026-05-03T14:10:44.320Z: 🏢 HOSPITAL: ASHWINI, COUNTRY: India
2026-05-03T14:10:44.360Z: 💰 TOTAL CALC: Amount=38047.350000000006 + CGST=951.18 + SGST=951.18 + IGST=0 = 39949.71000000001
2026-05-03T14:10:44.362Z: 🟢 RENDERING CGST & SGST - CGST: 951.18, SGST: 951.18
2026-05-05T16:19:55.465Z: 

==================================================
2026-05-05T16:19:55.472Z: 🔴🔴🔴 PDF ENDPOINT HIT! Inquiry ID: 69f757018cdce291eab21c31
2026-05-05T16:19:55.474Z: ==================================================
2026-05-05T16:19:57.246Z: 🏢 HOSPITAL: ASHWINI, COUNTRY: India
2026-05-05T16:19:57.359Z: 💰 TOTAL CALC: Amount=38047.350000000006 + CGST=951.18 + SGST=951.18 + IGST=0 = 39949.71000000001
2026-05-05T16:19:57.363Z: 🟢 RENDERING CGST & SGST - CGST: 951.18, SGST: 951.18
2026-05-05T16:20:00.817Z: 

==================================================
2026-05-05T16:20:00.818Z: 🔴🔴🔴 PDF ENDPOINT HIT! Inquiry ID: 69f757018cdce291eab21c31
2026-05-05T16:20:00.820Z: ==================================================
2026-05-05T16:20:01.935Z: 🏢 HOSPITAL: ASHWINI, COUNTRY: India
2026-05-05T16:20:02.024Z: 💰 TOTAL CALC: Amount=38047.350000000006 + CGST=951.18 + SGST=951.18 + IGST=0 = 39949.71000000001
2026-05-05T16:20:02.028Z: 🟢 RENDERING CGST & SGST - CGST: 951.18, SGST: 951.18
2026-05-05T16:30:21.660Z: 

==================================================
2026-05-05T16:30:21.663Z: 🔴🔴🔴 PDF ENDPOINT HIT! Inquiry ID: 69f757018cdce291eab21c31
2026-05-05T16:30:21.666Z: ==================================================
2026-05-05T16:30:24.670Z: 🏢 HOSPITAL: ASHWINI, COUNTRY: India
2026-05-05T16:30:25.958Z: 💰 TOTAL CALC: Amount=38047.350000000006 + CGST=951.18 + SGST=951.18 + IGST=0 = 39949.71000000001
2026-05-05T16:30:25.978Z: 🟢 RENDERING CGST & SGST - CGST: 951.18, SGST: 951.18
2026-05-05T16:30:34.042Z: 

==================================================
2026-05-05T16:30:34.162Z: 🔴🔴🔴 PDF ENDPOINT HIT! Inquiry ID: 69f757018cdce291eab21c31
2026-05-05T16:30:34.342Z: ==================================================
2026-05-05T16:30:39.932Z: 🏢 HOSPITAL: ASHWINI, COUNTRY: India
2026-05-05T16:30:40.431Z: 💰 TOTAL CALC: Amount=38047.350000000006 + CGST=951.18 + SGST=951.18 + IGST=0 = 39949.71000000001
2026-05-05T16:30:40.869Z: 🟢 RENDERING CGST & SGST - CGST: 951.18, SGST: 951.18
2026-05-05T16:30:41.573Z: 

==================================================
2026-05-05T16:30:41.576Z: 🔴🔴🔴 PDF ENDPOINT HIT! Inquiry ID: 69f757018cdce291eab21c31
2026-05-05T16:30:41.581Z: ==================================================
2026-05-05T16:30:45.805Z: 🏢 HOSPITAL: ASHWINI, COUNTRY: India
2026-05-05T16:30:46.137Z: 💰 TOTAL CALC: Amount=38047.350000000006 + CGST=951.18 + SGST=951.18 + IGST=0 = 39949.71000000001
2026-05-05T16:30:46.170Z: 🟢 RENDERING CGST & SGST - CGST: 951.18, SGST: 951.18
2026-05-05T16:34:07.884Z: 

==================================================
2026-05-05T16:34:07.889Z: 🔴🔴🔴 PDF ENDPOINT HIT! Inquiry ID: 69f757018cdce291eab21c31
2026-05-05T16:34:07.892Z: ==================================================
2026-05-05T16:34:11.248Z: 🏢 HOSPITAL: ASHWINI, COUNTRY: India
2026-05-05T16:34:11.566Z: 💰 TOTAL CALC: Amount=38047.350000000006 + CGST=951.18 + SGST=951.18 + IGST=0 = 39949.71000000001
2026-05-05T16:34:11.670Z: 🟢 RENDERING CGST & SGST - CGST: 951.18, SGST: 951.18
2026-05-05T16:34:18.833Z: 

==================================================
2026-05-05T16:34:18.836Z: 🔴🔴🔴 PDF ENDPOINT HIT! Inquiry ID: 69f757018cdce291eab21c31
2026-05-05T16:34:18.843Z: ==================================================
2026-05-05T16:34:25.556Z: 🏢 HOSPITAL: ASHWINI, COUNTRY: India
2026-05-05T16:34:26.442Z: 💰 TOTAL CALC: Amount=38047.350000000006 + CGST=951.18 + SGST=951.18 + IGST=0 = 39949.71000000001
2026-05-05T16:34:26.495Z: 🟢 RENDERING CGST & SGST - CGST: 951.18, SGST: 951.18
2026-05-05T16:38:59.870Z: 

==================================================
2026-05-05T16:38:59.871Z: 🔴🔴🔴 PDF ENDPOINT HIT! Inquiry ID: 69f757018cdce291eab21c31
2026-05-05T16:38:59.872Z: ==================================================
2026-05-05T16:39:00.910Z: 🏢 HOSPITAL: ASHWINI, COUNTRY: India
2026-05-05T16:39:01.002Z: 💰 TOTAL CALC: Amount=38047.350000000006 + CGST=951.18 + SGST=951.18 + IGST=0 = 39949.71000000001
2026-05-05T16:39:01.006Z: 🟢 RENDERING CGST & SGST - CGST: 951.18, SGST: 951.18
2026-05-05T16:39:05.427Z: 

==================================================
2026-05-05T16:39:05.428Z: 🔴🔴🔴 PDF ENDPOINT HIT! Inquiry ID: 69f757018cdce291eab21c31
2026-05-05T16:39:05.429Z: ==================================================
2026-05-05T16:39:06.224Z: 🏢 HOSPITAL: ASHWINI, COUNTRY: India
2026-05-05T16:39:06.278Z: 💰 TOTAL CALC: Amount=38047.350000000006 + CGST=951.18 + SGST=951.18 + IGST=0 = 39949.71000000001
2026-05-05T16:39:06.281Z: 🟢 RENDERING CGST & SGST - CGST: 951.18, SGST: 951.18
2026-05-05T16:39:14.151Z: 

==================================================
2026-05-05T16:39:14.152Z: 🔴🔴🔴 PDF ENDPOINT HIT! Inquiry ID: 69f757018cdce291eab21c31
2026-05-05T16:39:14.153Z: ==================================================
2026-05-05T16:39:15.008Z: 🏢 HOSPITAL: ASHWINI, COUNTRY: India
2026-05-05T16:39:15.058Z: 💰 TOTAL CALC: Amount=38047.350000000006 + CGST=951.18 + SGST=951.18 + IGST=0 = 39949.71000000001
2026-05-05T16:39:15.061Z: 🟢 RENDERING CGST & SGST - CGST: 951.18, SGST: 951.18
2026-05-05T16:39:19.816Z: 

==================================================
2026-05-05T16:39:19.816Z: 🔴🔴🔴 PDF ENDPOINT HIT! Inquiry ID: 69f757018cdce291eab21c31
2026-05-05T16:39:19.818Z: ==================================================
2026-05-05T16:39:20.544Z: 🏢 HOSPITAL: ASHWINI, COUNTRY: India
2026-05-05T16:39:20.607Z: 💰 TOTAL CALC: Amount=38047.350000000006 + CGST=951.18 + SGST=951.18 + IGST=0 = 39949.71000000001
2026-05-05T16:39:20.610Z: 🟢 RENDERING CGST & SGST - CGST: 951.18, SGST: 951.18
2026-05-05T16:58:14.506Z: 

==================================================
2026-05-05T16:58:14.507Z: 🔴🔴🔴 PDF ENDPOINT HIT! Inquiry ID: 69f757018cdce291eab21c31
2026-05-05T16:58:14.508Z: ==================================================
2026-05-05T16:58:15.792Z: 🏢 HOSPITAL: ASHWINI, COUNTRY: India
2026-05-05T16:58:15.824Z: 💰 TOTAL CALC: Amount=38047.350000000006 + CGST=951.18 + SGST=951.18 + IGST=0 = 39949.71000000001
2026-05-05T16:58:15.826Z: 🟢 RENDERING CGST & SGST - CGST: 951.18, SGST: 951.18
2026-05-05T16:58:22.478Z: 

==================================================
2026-05-05T16:58:22.479Z: 🔴🔴🔴 PDF ENDPOINT HIT! Inquiry ID: 69f757018cdce291eab21c31
2026-05-05T16:58:22.480Z: ==================================================
2026-05-05T16:58:23.280Z: 🏢 HOSPITAL: ASHWINI, COUNTRY: India
2026-05-05T16:58:23.309Z: 💰 TOTAL CALC: Amount=38047.350000000006 + CGST=951.18 + SGST=951.18 + IGST=0 = 39949.71000000001
2026-05-05T16:58:23.312Z: 🟢 RENDERING CGST & SGST - CGST: 951.18, SGST: 951.18
2026-05-05T16:59:13.430Z: 

==================================================
2026-05-05T16:59:13.431Z: 🔴🔴🔴 PDF ENDPOINT HIT! Inquiry ID: 69f757018cdce291eab21c31
2026-05-05T16:59:13.431Z: ==================================================
2026-05-05T16:59:14.071Z: 🏢 HOSPITAL: ASHWINI, COUNTRY: India
2026-05-05T16:59:14.128Z: 💰 TOTAL CALC: Amount=38047.350000000006 + CGST=951.18 + SGST=951.18 + IGST=0 = 39949.71000000001
2026-05-05T16:59:14.130Z: 🟢 RENDERING CGST & SGST - CGST: 951.18, SGST: 951.18
2026-05-05T16:59:19.500Z: 

==================================================
2026-05-05T16:59:19.501Z: 🔴🔴🔴 PDF ENDPOINT HIT! Inquiry ID: 69f757018cdce291eab21c31
2026-05-05T16:59:19.502Z: ==================================================
2026-05-05T16:59:20.300Z: 🏢 HOSPITAL: ASHWINI, COUNTRY: India
2026-05-05T16:59:20.342Z: 💰 TOTAL CALC: Amount=38047.350000000006 + CGST=951.18 + SGST=951.18 + IGST=0 = 39949.71000000001
2026-05-05T16:59:20.344Z: 🟢 RENDERING CGST & SGST - CGST: 951.18, SGST: 951.18
2026-05-05T17:20:12.221Z: 

==================================================
2026-05-05T17:20:12.223Z: 🔴🔴🔴 PDF ENDPOINT HIT! Inquiry ID: 69fa26b8588d9c4a515e9d9d
2026-05-05T17:20:12.224Z: ==================================================
2026-05-05T17:20:12.971Z: 🏢 HOSPITAL: ASHWINI, COUNTRY: India
2026-05-05T17:20:13.017Z: 💰 TOTAL CALC: Amount=7563.599999999999 + CGST=189.09 + SGST=189.09 + IGST=0 = 7942
2026-05-05T17:20:13.018Z: 🟢 RENDERING CGST & SGST - CGST: 189.09, SGST: 189.09
2026-05-05T17:20:16.183Z: 

==================================================
2026-05-05T17:20:16.184Z: 🔴🔴🔴 PDF ENDPOINT HIT! Inquiry ID: 69fa26b8588d9c4a515e9d9d
2026-05-05T17:20:16.185Z: ==================================================
2026-05-05T17:20:16.787Z: 🏢 HOSPITAL: ASHWINI, COUNTRY: India
2026-05-05T17:20:16.819Z: 💰 TOTAL CALC: Amount=7563.599999999999 + CGST=189.09 + SGST=189.09 + IGST=0 = 7942
2026-05-05T17:20:16.821Z: 🟢 RENDERING CGST & SGST - CGST: 189.09, SGST: 189.09
2026-05-05T18:03:22.662Z: 

==================================================
2026-05-05T18:03:22.664Z: 🔴🔴🔴 PDF ENDPOINT HIT! Inquiry ID: 69fa3084a73a2d3c308778be
2026-05-05T18:03:22.664Z: ==================================================
2026-05-05T18:03:23.832Z: 🏢 HOSPITAL: ASHWINI, COUNTRY: India
2026-05-05T18:03:23.860Z: 💰 TOTAL CALC: Amount=38043.399999999994 + CGST=951.09 + SGST=951.09 + IGST=0 = 39946.00999999999
2026-05-05T18:03:23.862Z: 🟢 RENDERING CGST & SGST - CGST: 951.09, SGST: 951.09
2026-05-05T18:03:26.972Z: 

==================================================
2026-05-05T18:03:26.973Z: 🔴🔴🔴 PDF ENDPOINT HIT! Inquiry ID: 69fa3084a73a2d3c308778be
2026-05-05T18:03:26.974Z: ==================================================
2026-05-05T18:03:27.726Z: 🏢 HOSPITAL: ASHWINI, COUNTRY: India
2026-05-05T18:03:27.762Z: 💰 TOTAL CALC: Amount=38043.399999999994 + CGST=951.09 + SGST=951.09 + IGST=0 = 39946.00999999999
2026-05-05T18:03:27.764Z: 🟢 RENDERING CGST & SGST - CGST: 951.09, SGST: 951.09
2026-05-05T18:04:29.393Z: 

==================================================
2026-05-05T18:04:29.394Z: 🔴🔴🔴 PDF ENDPOINT HIT! Inquiry ID: 69fa3084a73a2d3c308778be
2026-05-05T18:04:29.395Z: ==================================================
2026-05-05T18:04:30.108Z: 🏢 HOSPITAL: ASHWINI, COUNTRY: India
2026-05-05T18:04:30.152Z: 💰 TOTAL CALC: Amount=38043.399999999994 + CGST=951.09 + SGST=951.09 + IGST=0 = 39945.999999999985
2026-05-05T18:04:30.154Z: 🟢 RENDERING CGST & SGST - CGST: 951.09, SGST: 951.09
2026-05-05T18:04:34.336Z: 

==================================================
2026-05-05T18:04:34.337Z: 🔴🔴🔴 PDF ENDPOINT HIT! Inquiry ID: 69fa3084a73a2d3c308778be
2026-05-05T18:04:34.337Z: ==================================================
2026-05-05T18:04:34.861Z: 🏢 HOSPITAL: ASHWINI, COUNTRY: India
2026-05-05T18:04:34.891Z: 💰 TOTAL CALC: Amount=38043.399999999994 + CGST=951.09 + SGST=951.09 + IGST=0 = 39945.999999999985
2026-05-05T18:04:34.893Z: 🟢 RENDERING CGST & SGST - CGST: 951.09, SGST: 951.09
